>read0_0
>read1_0
>read2_0
>read3_0
>read4_0
>read5_0
>read6_0
>read7_0
>read8_0
>read9_0
>read10_0
>read11_0
>read12_0
>read13_0
>read14_0
>read15_0
>read16_0
>read17_0
>read18_0
>read19_0
>read20_0
>read21_0
>read22_0
>read23_0
>read24_0
>read25_0
>read26_0
>read27_0
>read28_0
>read29_0
>read30_0
>read31_0
>read32_0
>read33_0
>read34_0
>read35_0
>read36_0
>read37_0
>read38_0
>read39_0
>read40_0
>read41_0
>read42_0
>read43_0
>read44_0
>read45_0
>read46_0
>read47_0
>read48_0
>read49_0
>read50_0
>read51_0
>read52_0
>read53_0
>read54_0
>read55_0
>read56_0
>read57_0
>read58_0
>read59_0
>read60_0
>read61_0
>read62_0
>read63_0
>read64_0
>read65_0
>read66_0
>read67_0
>read68_0
>read69_0
>read70_0
>read71_0
>read72_0
>read73_0
>read74_0
>read75_0
>read76_0
>read77_0
>read78_0
>read79_0
>read80_0
>read81_0
>read82_0
>read83_0
>read84_0
>read85_0
>read86_0
>read87_0
>read88_0
>read89_0
>read90_0
>read91_0
>read92_0
>read93_0
>read94_0
>read95_0
>read96_0
>read97_0
>read98_0
>read99_0
>read100_0
>read101_0
>read102_0
>read103_0
>read104_0
>read105_0
>read106_0
>read107_0
>read108_0
>read109_0
>read110_0
>read111_0
>read112_0
>read113_0
>read114_0
>read115_0
>read116_0
>read117_0
>read118_0
>read119_0
>read120_0
>read121_0
>read122_0
>read123_0
>read124_0
>read125_0
>read126_0
>read127_0
>read128_0
>read129_0
>read130_0
>read131_0
>read132_0
>read133_0
>read134_0
>read135_0
>read136_0
>read137_0
>read138_0
>read139_0
>read140_0
>read141_0
>read142_0
>read143_0
>read144_0
>read145_0
>read146_0
>read147_0
>read148_0
>read149_0
>read150_0
>read151_0
>read152_0
>read153_0
>read154_0
>read155_0
>read156_0
>read157_0
>read158_0
>read159_0
>read160_0
>read161_0
>read162_0
>read163_0
>read164_0
>read165_0
>read166_0
>read167_0
>read168_0
>read169_0
>read171_0
>read172_0
>read173_0
>read174_0
>read175_0
>read176_0
>read177_0
>read178_0
>read179_0
>read180_0
>read181_0
>read182_0
>read183_0
>read184_0
>read185_0
>read186_0
>read187_0
>read188_0
>read189_0
>read190_0
>read191_0
>read192_0
>read193_0
>read194_0
>read196_0
>read197_0
>read198_0
>read199_0
>read200_0
>read201_0
>read202_0
>read203_0
>read204_0
>read205_0
>read206_0
>read207_0
>read208_0
>read209_0
>read210_0
>read211_0
>read212_0
>read213_0
>read214_0
>read215_0
>read216_0
>read217_0
>read219_0
>read220_0
>read221_0
>read222_0
>read223_0
>read224_0
>read225_0
>read226_0
>read227_0
>read228_0
>read229_0
>read230_0
>read231_0
>read232_0
>read233_0
>read234_0
>read236_0
>read237_0
>read238_0
>read239_0
>read240_0
>read241_0
>read242_0
>read243_0
>read244_0
>read245_0
>read246_0
>read247_0
>read248_0
>read249_0
>read250_0
>read251_0
>read252_0
>read253_0
>read254_0
>read255_0
>read256_0
>read257_0
>read258_0
>read259_0
>read260_0
>read261_0
>read262_0
>read263_0
>read264_0
>read265_0
>read266_0
>read267_0
>read268_0
>read269_0
>read270_0
>read271_0
>read272_0
>read273_0
>read274_0
>read275_0
>read276_0
>read277_0
>read278_0
>read279_0
>read280_0
>read281_0
>read282_0
>read284_0
>read285_0
>read286_0
>read287_0
>read288_0
>read289_0
>read290_0
>read291_0
>read292_0
>read293_0
>read294_0
>read295_0
>read296_0
>read297_0
>read298_0
>read299_0
>read300_0
>read301_0
>read302_0
>read303_0
>read304_0
>read306_0
>read307_0
>read308_0
>read309_0
>read311_0
>read312_0
>read313_0
>read314_0
>read315_0
>read316_0
>read317_0
>read318_0
>read319_0
>read320_0
>read321_0
>read322_0
>read323_0
>read324_0
>read325_0
>read326_0
>read327_0
>read328_0
>read329_0
>read330_0
>read331_0
>read332_0
>read333_0
>read334_0
>read335_0
>read336_0
>read337_0
>read338_0
>read339_0
>read340_0
>read341_0
>read342_0
>read343_0
>read344_0
>read345_0
>read346_0
>read347_0
>read348_0
>read349_0
>read350_0
>read351_0
>read352_0
>read353_0
>read354_0
>read355_0
>read356_0
>read357_0
>read358_0
>read359_0
>read360_0
>read361_0
>read362_0
>read363_0
>read364_0
>read365_0
>read366_0
>read367_0
>read368_0
>read369_0
>read370_0
>read371_0
>read372_0
>read373_0
>read374_0
>read375_0
>read376_0
>read377_0
>read378_0
>read379_0
>read380_0
>read381_0
>read382_0
>read383_0
>read384_0
>read385_0
>read386_0
>read387_0
>read388_0
>read389_0
>read390_0
>read391_0
>read392_0
>read393_0
>read394_0
>read395_0
>read396_0
>read397_0
>read398_0
>read399_0
>read400_0
>read401_0
>read403_0
>read404_0
>read405_0
>read406_0
>read407_0
>read408_0
>read409_0
>read410_0
>read411_0
>read412_0
>read413_0
>read414_0
>read415_0
>read416_0
>read417_0
>read418_0
>read419_0
>read420_0
>read421_0
>read422_0
>read423_0
>read424_0
>read425_0
>read426_0
>read427_0
>read428_0
>read429_0
>read430_0
>read431_0
>read432_0
>read433_0
>read434_0
>read435_0
>read436_0
>read437_0
>read438_0
>read439_0
>read440_0
>read441_0
>read442_0
>read443_0
>read444_0
>read445_0
>read446_0
>read447_0
>read448_0
>read449_0
>read450_0
>read451_0
>read452_0
>read453_0
>read454_0
>read455_0
>read456_0
>read457_0
>read458_0
>read459_0
>read460_0
>read461_0
>read462_0
>read463_0
>read464_0
>read465_0
>read466_0
>read467_0
>read468_0
>read469_0
>read470_0
>read471_0
>read472_0
>read473_0
>read474_0
>read475_0
>read476_0
>read477_0
>read478_0
>read479_0
>read480_0
>read481_0
>read482_0
>read483_0
>read484_0
>read485_0
>read486_0
>read487_0
>read488_0
>read489_0
>read490_0
>read491_0
>read492_0
>read493_0
>read494_0
>read495_0
>read496_0
>read497_0
>read498_0
>read499_0
>read500_0
>read501_0
>read502_0
>read503_0
>read504_0
>read505_0
>read506_0
>read507_0
>read508_0
>read509_0
>read510_0
>read511_0
>read512_0
>read513_0
>read514_0
>read515_0
>read517_0
>read518_0
>read519_0
>read520_0
>read521_0
>read522_0
>read523_0
>read524_0
>read525_0
>read526_0
>read527_0
>read529_0
>read530_0
>read531_0
>read533_0
>read534_0
>read535_0
>read536_0
>read537_0
>read538_0
>read539_0
>read540_0
>read541_0
>read542_0
>read543_0
>read544_0
>read545_0
>read546_0
>read547_0
>read548_0
>read549_0
>read550_0
>read551_0
>read552_0
>read553_0
>read554_0
>read555_0
>read556_0
>read557_0
>read558_0
>read559_0
>read560_0
>read561_0
>read562_0
>read563_0
>read564_0
>read565_0
>read566_0
>read567_0
>read568_0
>read569_0
>read570_0
>read571_0
>read572_0
>read573_0
>read574_0
>read575_0
>read576_0
>read577_0
>read578_0
>read579_0
>read580_0
>read581_0
>read582_0
>read583_0
>read585_0
>read586_0
>read587_0
>read588_0
>read589_0
>read590_0
>read591_0
>read592_0
>read593_0
>read594_0
>read595_0
>read596_0
>read597_0
>read598_0
>read599_0
>read600_0
>read601_0
>read602_0
>read603_0
>read604_0
>read605_0
>read606_0
>read607_0
>read608_0
>read609_0
>read610_0
>read611_0
>read612_0
>read613_0
>read614_0
>read615_0
>read616_0
>read617_0
>read618_0
>read619_0
>read620_0
>read621_0
>read622_0
>read623_0
>read624_0
>read625_0
>read626_0
>read627_0
>read628_0
>read629_0
>read630_0
>read631_0
>read632_0
>read633_0
>read634_0
>read635_0
>read636_0
>read637_0
>read638_0
>read639_0
>read640_0
>read641_0
>read642_0
>read643_0
>read644_0
>read645_0
>read646_0
>read647_0
>read648_0
>read649_0
>read650_0
>read651_0
>read652_0
>read653_0
>read654_0
>read655_0
>read656_0
>read657_0
>read658_0
>read659_0
>read660_0
>read661_0
>read662_0
>read663_0
>read664_0
>read665_0
>read666_0
>read667_0
>read668_0
>read669_0
>read670_0
>read671_0
>read672_0
>read673_0
>read674_0
>read675_0
>read677_0
>read678_0
>read679_0
>read680_0
>read681_0
>read682_0
>read683_0
>read684_0
>read685_0
>read686_0
>read687_0
>read689_0
>read690_0
>read691_0
>read692_0
>read693_0
>read694_0
>read695_0
>read696_0
>read697_0
>read698_0
>read699_0
>read700_0
>read701_0
>read702_0
>read703_0
>read704_0
>read705_0
>read707_0
>read708_0
>read709_0
>read710_0
>read711_0
>read712_0
>read713_0
>read714_0
>read715_0
>read716_0
>read717_0
>read718_0
>read719_0
>read720_0
>read721_0
>read723_0
>read724_0
>read725_0
>read726_0
>read727_0
>read728_0
>read729_0
>read730_0
>read731_0
>read732_0
>read733_0
>read734_0
>read735_0
>read736_0
>read737_0
>read738_0
>read739_0
>read740_0
>read742_0
>read743_0
>read744_0
>read745_0
>read746_0
>read747_0
>read748_0
>read749_0
>read750_0
>read751_0
>read752_0
>read753_0
>read754_0
>read755_0
>read756_0
>read757_0
>read758_0
>read759_0
>read760_0
>read761_0
>read762_0
>read763_0
>read764_0
>read765_0
>read766_0
>read767_0
>read768_0
>read769_0
>read770_0
>read771_0
>read772_0
>read773_0
>read774_0
>read775_0
>read776_0
>read777_0
>read778_0
>read779_0
>read780_0
>read781_0
>read782_0
>read783_0
>read784_0
>read785_0
>read786_0
>read787_0
>read788_0
>read789_0
>read790_0
>read791_0
>read792_0
>read793_0
>read794_0
>read795_0
>read796_0
>read797_0
>read798_0
>read799_0
>read800_0
>read801_0
>read802_0
>read803_0
>read805_0
>read806_0
>read807_0
>read809_0
>read810_0
>read811_0
>read812_0
>read813_0
>read814_0
>read815_0
>read816_0
>read817_0
>read818_0
>read819_0
>read820_0
>read821_0
>read822_0
>read823_0
>read824_0
>read825_0
>read826_0
>read827_0
>read828_0
>read829_0
>read830_0
>read831_0
>read832_0
>read833_0
>read834_0
>read835_0
>read836_0
>read837_0
>read838_0
>read840_0
>read841_0
>read842_0
>read843_0
>read844_0
>read845_0
>read846_0
>read847_0
>read848_0
>read849_0
>read850_0
>read851_0
>read852_0
>read853_0
>read854_0
>read855_0
>read856_0
>read857_0
>read858_0
>read859_0
>read860_0
>read861_0
>read862_0
>read863_0
>read864_0
>read865_0
>read866_0
>read867_0
>read868_0
>read869_0
>read870_0
>read871_0
>read872_0
>read873_0
>read875_0
>read876_0
>read877_0
>read878_0
>read879_0
>read880_0
>read881_0
>read882_0
>read883_0
>read884_0
>read885_0
>read887_0
>read888_0
>read889_0
>read890_0
>read891_0
>read892_0
>read893_0
>read894_0
>read895_0
>read896_0
>read897_0
>read898_0
>read899_0
>read900_0
>read901_0
>read902_0
>read903_0
>read904_0
>read905_0
>read906_0
>read907_0
>read908_0
>read909_0
>read910_0
>read911_0
>read912_0
>read913_0
>read914_0
>read915_0
>read916_0
>read917_0
>read918_0
>read919_0
>read920_0
>read921_0
>read922_0
>read923_0
>read924_0
>read925_0
>read926_0
>read927_0
>read928_0
>read929_0
>read930_0
>read931_0
>read932_0
>read933_0
>read934_0
>read935_0
>read936_0
>read937_0
>read938_0
>read939_0
>read940_0
>read941_0
>read942_0
>read943_0
>read944_0
>read945_0
>read946_0
>read947_0
>read948_0
>read949_0
>read950_0
>read951_0
>read952_0
>read953_0
>read954_0
>read955_0
>read956_0
>read957_0
>read958_0
>read959_0
>read960_0
>read961_0
>read962_0
>read963_0
>read964_0
>read965_0
>read966_0
>read967_0
>read968_0
>read969_0
>read970_0
>read971_0
>read972_0
>read974_0
>read975_0
>read976_0
>read977_0
>read978_0
>read979_0
>read980_0
>read981_0
>read982_0
>read983_0
>read984_0
>read985_0
>read986_0
>read987_0
>read988_0
>read989_0
>read990_0
>read991_0
>read992_0
>read993_0
>read994_0
>read995_0
>read996_0
>read997_0
>read998_0
>read999_0
>read1000_0
>read1001_0
>read1002_0
>read1003_0
>read1004_0
>read1005_0
>read1006_0
>read1007_0
>read1008_0
>read1009_0
>read1010_0
>read1011_0
>read1012_0
>read1013_0
>read1014_0
>read1015_0
>read1016_0
>read1017_0
>read1018_0
>read1019_0
>read1022_0
>read1023_0
>read1024_0
>read1025_0
>read1026_0
>read1027_0
>read1028_0
>read1029_0
>read1030_0
>read1031_0
>read1032_0
>read1033_0
>read1034_0
>read1035_0
>read1036_0
>read1037_0
>read1038_0
>read1039_0
>read1040_0
>read1041_0
>read1042_0
>read1043_0
>read1044_0
>read1045_0
>read1046_0
>read1047_0
>read1049_0
>read1050_0
>read1051_0
>read1052_0
>read1053_0
>read1054_0
>read1055_0
>read1056_0
>read1057_0
>read1058_0
>read1059_0
>read1060_0
>read1061_0
>read1062_0
>read1063_0
>read1064_0
>read1065_0
>read1066_0
>read1067_0
>read1068_0
>read1069_0
>read1071_0
>read1072_0
>read1073_0
>read1074_0
>read1075_0
>read1076_0
>read1077_0
>read1078_0
>read1079_0
>read1080_0
>read1081_0
>read1082_0
>read1083_0
>read1084_0
>read1085_0
>read1086_0
>read1087_0
>read1088_0
>read1089_0
>read1090_0
>read1091_0
>read1092_0
>read1093_0
>read1094_0
>read1095_0
>read1096_0
>read1097_0
>read1099_0
>read1100_0
>read1101_0
>read1102_0
>read1103_0
>read1104_0
>read1105_0
>read1106_0
>read1107_0
>read1108_0
>read1109_0
>read1110_0
>read1111_0
>read1112_0
>read1113_0
>read1114_0
>read1115_0
>read1116_0
>read1118_0
>read1119_0
>read1120_0
>read1121_0
>read1122_0
>read1123_0
>read1125_0
>read1126_0
>read1127_0
>read1128_0
>read1129_0
>read1130_0
>read1131_0
>read1132_0
>read1133_0
>read1134_0
>read1135_0
>read1136_0
>read1137_0
>read1138_0
>read1139_0
>read1140_0
>read1141_0
>read1142_0
>read1143_0
>read1144_0
>read1145_0
>read1146_0
>read1147_0
>read1148_0
>read1149_0
>read1150_0
>read1151_0
>read1152_0
>read1153_0
>read1154_0
>read1155_0
>read1156_0
>read1157_0
>read1158_0
>read1159_0
>read1160_0
>read1161_0
>read1162_0
>read1163_0
>read1164_0
>read1165_0
>read1166_0
>read1167_0
>read1168_0
>read1169_0
>read1170_0
>read1171_0
>read1172_0
>read1173_0
>read1174_0
>read1175_0
>read1176_0
>read1177_0
>read1178_0
>read1179_0
>read1180_0
>read1181_0
>read1182_0
>read1183_0
>read1184_0
>read1185_0
>read1186_0
>read1187_0
>read1188_0
>read1189_0
>read1190_0
>read1191_0
>read1192_0
>read1193_0
>read1194_0
>read1195_0
>read1196_0
>read1197_0
>read1198_0
>read1200_0
>read1201_0
>read1202_0
>read1203_0
>read1204_0
>read1205_0
>read1206_0
>read1207_0
>read1208_0
>read1209_0
>read1210_0
>read1211_0
>read1212_0
>read1213_0
>read1214_0
>read1215_0
>read1216_0
>read1218_0
>read1219_0
>read1220_0
>read1221_0
>read1222_0
>read1224_0
>read1225_0
>read1226_0
>read1227_0
>read1228_0
>read1229_0
>read1230_0
>read1231_0
>read1232_0
>read1233_0
>read1234_0
>read1235_0
>read1236_0
>read1237_0
>read1238_0
>read1239_0
>read1240_0
>read1241_0
>read1242_0
>read1243_0
>read1244_0
>read1245_0
>read1246_0
>read1247_0
>read1248_0
>read1249_0
>read1250_0
>read1251_0
>read1252_0
>read1253_0
>read1254_0
>read1255_0
>read1256_0
>read1257_0
>read1258_0
>read1259_0
>read1260_0
>read1261_0
>read1262_0
>read1263_0
>read1264_0
>read1265_0
>read1266_0
>read1267_0
>read1268_0
>read1269_0
>read1270_0
>read1271_0
>read1272_0
>read1273_0
>read1274_0
>read1275_0
>read1276_0
>read1277_0
>read1278_0
>read1279_0
>read1280_0
>read1281_0
>read1282_0
>read1283_0
>read1284_0
>read1285_0
>read1286_0
>read1287_0
>read1288_0
>read1289_0
>read1290_0
>read1291_0
>read1292_0
>read1293_0
>read1294_0
>read1295_0
>read1296_0
>read1297_0
>read1298_0
>read1299_0
>read1300_0
>read1301_0
>read1302_0
>read1303_0
>read1304_0
>read1305_0
>read1306_0
>read1307_0
>read1308_0
>read1309_0
>read1310_0
>read1311_0
>read1312_0
>read1313_0
>read1314_0
>read1315_0
>read1316_0
>read1317_0
>read1318_0
>read1319_0
>read1320_0
>read1321_0
>read1322_0
>read1323_0
>read1324_0
>read1325_0
>read1326_0
>read1327_0
>read1328_0
>read1329_0
>read1330_0
>read1331_0
>read1332_0
>read1333_0
>read1334_0
>read1335_0
>read1336_0
>read1337_0
>read1338_0
>read1339_0
>read1340_0
>read1341_0
>read1342_0
>read1343_0
>read1344_0
>read1346_0
>read1347_0
>read1348_0
>read1349_0
>read1350_0
>read1351_0
>read1352_0
>read1353_0
>read1354_0
>read1355_0
>read1356_0
>read1357_0
>read1358_0
>read1359_0
>read1360_0
>read1361_0
>read1362_0
>read1363_0
>read1364_0
>read1365_0
>read1366_0
>read1367_0
>read1368_0
>read1370_0
>read1371_0
>read1372_0
>read1373_0
>read1374_0
>read1375_0
>read1376_0
>read1377_0
>read1378_0
>read1379_0
>read1380_0
>read1381_0
>read1382_0
>read1383_0
>read1384_0
>read1386_0
>read1387_0
>read1388_0
>read1389_0
>read1390_0
>read1391_0
>read1392_0
>read1393_0
>read1394_0
>read1395_0
>read1396_0
>read1397_0
>read1398_0
>read1399_0
>read1400_0
>read1401_0
>read1402_0
>read1403_0
>read1404_0
>read1405_0
>read1406_0
>read1407_0
>read1409_0
>read1411_0
>read1412_0
>read1413_0
>read1414_0
>read1415_0
>read1416_0
>read1417_0
>read1418_0
>read1419_0
>read1420_0
>read1421_0
>read1422_0
>read1423_0
>read1424_0
>read1425_0
>read1426_0
>read1427_0
>read1428_0
>read1429_0
>read1430_0
>read1431_0
>read1432_0
>read1433_0
>read1434_0
>read1435_0
>read1436_0
>read1437_0
>read1438_0
>read1439_0
>read1440_0
>read1441_0
>read1442_0
>read1444_0
>read1445_0
>read1446_0
>read1447_0
>read1448_0
>read1449_0
>read1451_0
>read1452_0
>read1453_0
>read1454_0
>read1455_0
>read1456_0
>read1457_0
>read1458_0
>read1459_0
>read1460_0
>read1461_0
>read1462_0
>read1463_0
>read1464_0
>read1465_0
>read1466_0
>read1467_0
>read1469_0
>read1470_0
>read1471_0
>read1472_0
>read1473_0
>read1474_0
>read1475_0
>read1476_0
>read1477_0
>read1478_0
>read1479_0
>read1481_0
>read1482_0
>read1483_0
>read1484_0
>read1485_0
>read1486_0
>read1487_0
>read1488_0
>read1489_0
>read1490_0
>read1491_0
>read1492_0
>read1493_0
>read1494_0
>read1495_0
>read1496_0
>read1497_0
>read1498_0
>read1499_0
>read1500_0
>read1501_0
>read1502_0
>read1503_0
>read1504_0
>read1505_0
>read1506_0
>read1507_0
>read1508_0
>read1509_0
>read1510_0
>read1511_0
>read1512_0
>read1513_0
>read1514_0
>read1515_0
>read1516_0
>read1517_0
>read1518_0
>read1519_0
>read1520_0
>read1521_0
>read1522_0
>read1523_0
>read1524_0
>read1525_0
>read1526_0
>read1527_0
>read1528_0
>read1529_0
>read1530_0
>read1531_0
>read1532_0
>read1533_0
>read1534_0
>read1535_0
>read1536_0
>read1537_0
>read1538_0
>read1539_0
>read1540_0
>read1541_0
>read1542_0
>read1543_0
>read1544_0
>read1545_0
>read1546_0
>read1547_0
>read1548_0
>read1549_0
>read1551_0
>read1552_0
>read1553_0
>read1554_0
>read1555_0
>read1556_0
>read1557_0
>read1558_0
>read1559_0
>read1560_0
>read1561_0
>read1562_0
>read1563_0
>read1564_0
>read1565_0
>read1566_0
>read1567_0
>read1568_0
>read1569_0
>read1570_0
>read1571_0
>read1572_0
>read1573_0
>read1574_0
>read1575_0
>read1576_0
>read1577_0
>read1578_0
>read1579_0
>read1580_0
>read1581_0
>read1582_0
>read1583_0
>read1584_0
>read1585_0
>read1586_0
>read1587_0
>read1588_0
>read1589_0
>read1590_0
>read1591_0
>read1592_0
>read1593_0
>read1594_0
>read1595_0
>read1596_0
>read1597_0
>read1598_0
>read1599_0
>read1600_0
>read1601_0
>read1602_0
>read1603_0
>read1605_0
>read1606_0
>read1607_0
>read1608_0
>read1609_0
>read1610_0
>read1611_0
>read1612_0
>read1613_0
>read1614_0
>read1615_0
>read1616_0
>read1617_0
>read1618_0
>read1619_0
>read1620_0
>read1621_0
>read1622_0
>read1624_0
>read1625_0
>read1626_0
>read1627_0
>read1628_0
>read1629_0
>read1630_0
>read1631_0
>read1632_0
>read1633_0
>read1634_0
>read1635_0
>read1636_0
>read1637_0
>read1638_0
>read1639_0
>read1640_0
>read1641_0
>read1642_0
>read1643_0
>read1644_0
>read1645_0
>read1646_0
>read1647_0
>read1648_0
>read1649_0
>read1650_0
>read1651_0
>read1652_0
>read1653_0
>read1654_0
>read1655_0
>read1656_0
>read1657_0
>read1658_0
>read1659_0
>read1660_0
>read1661_0
>read1662_0
>read1663_0
>read1664_0
>read1665_0
>read1666_0
>read1667_0
>read1668_0
>read1669_0
>read1670_0
>read1671_0
>read1672_0
>read1673_0
>read1674_0
>read1675_0
>read1676_0
>read1677_0
>read1678_0
>read1679_0
>read1680_0
>read1681_0
>read1682_0
>read1683_0
>read1684_0
>read1685_0
>read1686_0
>read1687_0
>read1688_0
>read1689_0
>read1690_0
>read1691_0
>read1692_0
>read1693_0
>read1694_0
>read1695_0
>read1696_0
>read1697_0
>read1698_0
>read1699_0
>read1701_0
>read1702_0
>read1703_0
>read1704_0
>read1705_0
>read1706_0
>read1707_0
>read1708_0
>read1709_0
>read1710_0
>read1711_0
>read1712_0
>read1713_0
>read1714_0
>read1715_0
>read1716_0
>read1717_0
>read1718_0
>read1719_0
>read1720_0
>read1721_0
>read1722_0
>read1723_0
>read1724_0
>read1725_0
>read1726_0
>read1727_0
>read1728_0
>read1729_0
>read1730_0
>read1731_0
>read1732_0
>read1733_0
>read1734_0
>read1735_0
>read1736_0
>read1737_0
>read1738_0
>read1739_0
>read1740_0
>read1741_0
>read1742_0
>read1743_0
>read1745_0
>read1746_0
>read1747_0
>read1748_0
>read1749_0
>read1750_0
>read1751_0
>read1752_0
>read1753_0
>read1754_0
>read1755_0
>read1756_0
>read1757_0
>read1758_0
>read1759_0
>read1760_0
>read1761_0
>read1762_0
>read1763_0
>read1764_0
>read1765_0
>read1766_0
>read1767_0
>read1768_0
>read1769_0
>read1770_0
>read1771_0
>read1773_0
>read1775_0
>read1776_0
>read1777_0
>read1778_0
>read1779_0
>read1780_0
>read1781_0
>read1782_0
>read1783_0
>read1784_0
>read1785_0
>read1786_0
>read1787_0
>read1788_0
>read1789_0
>read1790_0
>read1791_0
>read1792_0
>read1793_0
>read1794_0
>read1795_0
>read1796_0
>read1797_0
>read1798_0
>read1799_0
>read1800_0
>read1801_0
>read1802_0
>read1803_0
>read1804_0
>read1805_0
>read1806_0
>read1807_0
>read1808_0
>read1809_0
>read1810_0
>read1811_0
>read1812_0
>read1813_0
>read1814_0
>read1815_0
>read1816_0
>read1817_0
>read1818_0
>read1819_0
>read1820_0
>read1821_0
>read1822_0
>read1823_0
>read1824_0
>read1825_0
>read1826_0
>read1827_0
>read1828_0
>read1829_0
>read1830_0
>read1831_0
>read1832_0
>read1833_0
>read1834_0
>read1835_0
>read1836_0
>read1837_0
>read1838_0
>read1839_0
>read1840_0
>read1841_0
>read1842_0
>read1843_0
>read1844_0
>read1845_0
>read1846_0
>read1847_0
>read1848_0
>read1849_0
>read1850_0
>read1851_0
>read1852_0
>read1853_0
>read1854_0
>read1855_0
>read1856_0
>read1857_0
>read1858_0
>read1859_0
>read1860_0
>read1861_0
>read1862_0
>read1863_0
>read1864_0
>read1865_0
>read1866_0
>read1867_0
>read1868_0
>read1869_0
>read1870_0
>read1871_0
>read1872_0
>read1873_0
>read1874_0
>read1875_0
>read1876_0
>read1877_0
>read1878_0
>read1879_0
>read1880_0
>read1881_0
>read1882_0
>read1883_0
>read1884_0
>read1885_0
>read1886_0
>read1887_0
>read1888_0
>read1889_0
>read1891_0
>read1892_0
>read1893_0
>read1894_0
>read1895_0
>read1896_0
>read1897_0
>read1898_0
>read1899_0
>read1900_0
>read1901_0
>read1902_0
>read1903_0
>read1904_0
>read1905_0
>read1906_0
>read1907_0
>read1909_0
>read1910_0
>read1911_0
>read1912_0
>read1913_0
>read1914_0
>read1915_0
>read1916_0
>read1917_0
>read1918_0
>read1919_0
>read1920_0
>read1921_0
>read1922_0
>read1923_0
>read1924_0
>read1925_0
>read1926_0
>read1927_0
>read1928_0
>read1929_0
>read1930_0
>read1931_0
>read1932_0
>read1933_0
>read1934_0
>read1935_0
>read1936_0
>read1937_0
>read1938_0
>read1939_0
>read1940_0
>read1941_0
>read1942_0
>read1943_0
>read1945_0
>read1946_0
>read1947_0
>read1948_0
>read1949_0
>read1950_0
>read1951_0
>read1952_0
>read1953_0
>read1954_0
>read1955_0
>read1956_0
>read1957_0
>read1958_0
>read1959_0
>read1960_0
>read1961_0
>read1962_0
>read1963_0
>read1964_0
>read1965_0
>read1966_0
>read1967_0
>read1968_0
>read1969_0
>read1970_0
>read1971_0
>read1972_0
>read1973_0
>read1974_0
>read1975_0
>read1976_0
>read1977_0
>read1978_0
>read1979_0
>read1980_0
>read1981_0
>read1982_0
>read1983_0
>read1984_0
>read1985_0
>read1986_0
>read1987_0
>read1988_0
>read1989_0
>read1990_0
>read1991_0
>read1992_0
>read1993_0
>read1994_0
>read1995_0
>read1996_0
>read1997_0
>read1998_0
>read1999_0
>read495_1
>read1512_1
>read1851_1
