>read0_1
>read1_1
>read2_1
>read3_1
>read4_1
>read5_1
>read6_1
>read7_1
>read8_1
>read9_1
>read10_1
>read11_1
>read12_1
>read13_1
>read14_1
>read15_1
>read16_1
>read17_1
>read18_1
>read19_1
>read20_1
>read21_1
>read22_1
>read23_1
>read24_1
>read26_1
>read27_1
>read28_1
>read29_1
>read30_1
>read31_1
>read32_1
>read34_1
>read35_1
>read36_1
>read37_1
>read38_1
>read39_1
>read40_1
>read41_1
>read42_1
>read43_1
>read44_1
>read45_1
>read46_1
>read47_1
>read48_1
>read50_1
>read51_1
>read52_1
>read53_1
>read54_1
>read55_1
>read56_1
>read57_1
>read58_1
>read59_1
>read61_1
>read62_1
>read63_1
>read64_1
>read65_1
>read66_1
>read67_1
>read68_1
>read69_1
>read70_1
>read71_1
>read72_1
>read73_1
>read74_1
>read75_1
>read76_1
>read77_1
>read78_1
>read79_1
>read80_1
>read81_1
>read82_1
>read83_1
>read84_1
>read85_1
>read86_1
>read87_1
>read88_1
>read89_1
>read90_1
>read93_1
>read94_1
>read95_1
>read97_1
>read98_1
>read99_1
>read100_1
>read101_1
>read102_1
>read103_1
>read104_1
>read105_1
>read106_1
>read107_1
>read108_1
>read109_1
>read110_1
>read111_1
>read112_1
>read113_1
>read114_1
>read115_1
>read116_1
>read117_1
>read118_1
>read119_1
>read120_1
>read121_1
>read122_1
>read123_1
>read124_1
>read125_1
>read126_1
>read127_1
>read128_1
>read129_1
>read130_1
>read131_1
>read132_1
>read133_1
>read134_1
>read135_1
>read136_1
>read137_1
>read138_1
>read139_1
>read140_1
>read141_1
>read142_1
>read143_1
>read144_1
>read145_1
>read146_1
>read147_1
>read148_1
>read149_1
>read150_1
>read151_1
>read152_1
>read153_1
>read154_1
>read156_1
>read157_1
>read158_1
>read159_1
>read160_1
>read161_1
>read162_1
>read163_1
>read164_1
>read165_1
>read166_1
>read167_1
>read168_1
>read169_1
>read170_1
>read171_1
>read172_1
>read173_1
>read174_1
>read175_1
>read176_1
>read177_1
>read178_1
>read179_1
>read180_1
>read181_1
>read182_1
>read183_1
>read184_1
>read185_1
>read186_1
>read187_1
>read188_1
>read189_1
>read190_1
>read191_1
>read192_1
>read193_1
>read194_1
>read195_1
>read196_1
>read197_1
>read198_1
>read199_1
>read200_1
>read201_1
>read202_1
>read203_1
>read204_1
>read205_1
>read206_1
>read208_1
>read209_1
>read210_1
>read211_1
>read212_1
>read213_1
>read214_1
>read215_1
>read216_1
>read217_1
>read218_1
>read219_1
>read220_1
>read221_1
>read222_1
>read223_1
>read224_1
>read225_1
>read226_1
>read227_1
>read228_1
>read229_1
>read230_1
>read231_1
>read232_1
>read233_1
>read234_1
>read235_1
>read236_1
>read237_1
>read238_1
>read240_1
>read241_1
>read242_1
>read244_1
>read245_1
>read246_1
>read247_1
>read248_1
>read249_1
>read250_1
>read251_1
>read252_1
>read253_1
>read255_1
>read256_1
>read257_1
>read258_1
>read259_1
>read260_1
>read261_1
>read262_1
>read263_1
>read264_1
>read265_1
>read266_1
>read267_1
>read268_1
>read269_1
>read271_1
>read272_1
>read273_1
>read275_1
>read276_1
>read277_1
>read278_1
>read279_1
>read280_1
>read281_1
>read282_1
>read283_1
>read284_1
>read285_1
>read286_1
>read287_1
>read288_1
>read289_1
>read290_1
>read291_1
>read292_1
>read293_1
>read294_1
>read295_1
>read296_1
>read297_1
>read299_1
>read300_1
>read301_1
>read302_1
>read303_1
>read304_1
>read305_1
>read306_1
>read307_1
>read308_1
>read309_1
>read310_1
>read311_1
>read312_1
>read314_1
>read315_1
>read316_1
>read317_1
>read318_1
>read319_1
>read320_1
>read321_1
>read322_1
>read323_1
>read324_1
>read325_1
>read327_1
>read328_1
>read329_1
>read330_1
>read331_1
>read332_1
>read333_1
>read334_1
>read335_1
>read336_1
>read337_1
>read339_1
>read340_1
>read341_1
>read342_1
>read343_1
>read344_1
>read345_1
>read346_1
>read347_1
>read349_1
>read350_1
>read351_1
>read352_1
>read353_1
>read354_1
>read355_1
>read356_1
>read357_1
>read358_1
>read360_1
>read361_1
>read362_1
>read363_1
>read364_1
>read365_1
>read366_1
>read367_1
>read370_1
>read372_1
>read373_1
>read374_1
>read375_1
>read376_1
>read377_1
>read378_1
>read380_1
>read381_1
>read382_1
>read383_1
>read384_1
>read385_1
>read386_1
>read387_1
>read388_1
>read389_1
>read390_1
>read391_1
>read392_1
>read393_1
>read394_1
>read395_1
>read396_1
>read397_1
>read399_1
>read400_1
>read401_1
>read402_1
>read405_1
>read406_1
>read407_1
>read408_1
>read409_1
>read410_1
>read411_1
>read412_1
>read413_1
>read414_1
>read415_1
>read416_1
>read417_1
>read418_1
>read419_1
>read420_1
>read421_1
>read422_1
>read423_1
>read424_1
>read425_1
>read426_1
>read427_1
>read429_1
>read430_1
>read431_1
>read432_1
>read433_1
>read434_1
>read435_1
>read436_1
>read437_1
>read438_1
>read439_1
>read440_1
>read441_1
>read442_1
>read443_1
>read444_1
>read445_1
>read446_1
>read447_1
>read448_1
>read449_1
>read450_1
>read453_1
>read454_1
>read455_1
>read456_1
>read457_1
>read458_1
>read459_1
>read460_1
>read461_1
>read462_1
>read463_1
>read464_1
>read466_1
>read467_1
>read468_1
>read469_1
>read470_1
>read471_1
>read473_1
>read474_1
>read475_1
>read476_1
>read477_1
>read478_1
>read479_1
>read480_1
>read481_1
>read482_1
>read483_1
>read484_1
>read485_1
>read486_1
>read487_1
>read488_1
>read489_1
>read490_1
>read491_1
>read492_1
>read494_1
>read496_1
>read497_1
>read498_1
>read499_1
>read500_1
>read501_1
>read502_1
>read503_1
>read504_1
>read505_1
>read507_1
>read508_1
>read509_1
>read510_1
>read511_1
>read512_1
>read513_1
>read514_1
>read515_1
>read516_1
>read517_1
>read518_1
>read519_1
>read520_1
>read521_1
>read522_1
>read523_1
>read524_1
>read525_1
>read526_1
>read527_1
>read528_1
>read529_1
>read530_1
>read531_1
>read532_1
>read533_1
>read534_1
>read535_1
>read536_1
>read537_1
>read538_1
>read539_1
>read540_1
>read541_1
>read542_1
>read543_1
>read545_1
>read546_1
>read547_1
>read548_1
>read549_1
>read550_1
>read551_1
>read552_1
>read553_1
>read554_1
>read555_1
>read556_1
>read557_1
>read558_1
>read559_1
>read560_1
>read561_1
>read562_1
>read563_1
>read564_1
>read565_1
>read566_1
>read567_1
>read568_1
>read569_1
>read570_1
>read571_1
>read572_1
>read573_1
>read574_1
>read575_1
>read576_1
>read578_1
>read580_1
>read581_1
>read582_1
>read583_1
>read584_1
>read585_1
>read586_1
>read587_1
>read588_1
>read589_1
>read590_1
>read591_1
>read592_1
>read593_1
>read594_1
>read595_1
>read596_1
>read597_1
>read598_1
>read599_1
>read600_1
>read601_1
>read602_1
>read603_1
>read604_1
>read605_1
>read606_1
>read607_1
>read608_1
>read609_1
>read610_1
>read611_1
>read612_1
>read613_1
>read614_1
>read615_1
>read616_1
>read617_1
>read618_1
>read619_1
>read620_1
>read621_1
>read622_1
>read623_1
>read624_1
>read625_1
>read626_1
>read627_1
>read628_1
>read629_1
>read630_1
>read631_1
>read632_1
>read633_1
>read635_1
>read636_1
>read637_1
>read638_1
>read639_1
>read640_1
>read641_1
>read642_1
>read643_1
>read644_1
>read645_1
>read646_1
>read647_1
>read648_1
>read649_1
>read650_1
>read651_1
>read652_1
>read653_1
>read654_1
>read655_1
>read656_1
>read657_1
>read658_1
>read659_1
>read660_1
>read661_1
>read662_1
>read663_1
>read664_1
>read665_1
>read666_1
>read667_1
>read668_1
>read669_1
>read670_1
>read671_1
>read672_1
>read673_1
>read674_1
>read675_1
>read677_1
>read678_1
>read679_1
>read680_1
>read681_1
>read682_1
>read683_1
>read684_1
>read685_1
>read686_1
>read687_1
>read688_1
>read689_1
>read690_1
>read691_1
>read692_1
>read693_1
>read694_1
>read695_1
>read696_1
>read697_1
>read698_1
>read699_1
>read700_1
>read701_1
>read702_1
>read703_1
>read704_1
>read705_1
>read706_1
>read707_1
>read708_1
>read709_1
>read710_1
>read711_1
>read712_1
>read713_1
>read714_1
>read715_1
>read716_1
>read717_1
>read718_1
>read719_1
>read720_1
>read721_1
>read723_1
>read724_1
>read725_1
>read726_1
>read727_1
>read728_1
>read729_1
>read730_1
>read731_1
>read732_1
>read733_1
>read734_1
>read735_1
>read736_1
>read737_1
>read738_1
>read740_1
>read741_1
>read742_1
>read743_1
>read744_1
>read745_1
>read746_1
>read747_1
>read748_1
>read749_1
>read750_1
>read751_1
>read752_1
>read753_1
>read754_1
>read755_1
>read756_1
>read757_1
>read758_1
>read759_1
>read760_1
>read761_1
>read762_1
>read763_1
>read764_1
>read765_1
>read766_1
>read767_1
>read768_1
>read769_1
>read770_1
>read771_1
>read772_1
>read773_1
>read774_1
>read775_1
>read776_1
>read777_1
>read778_1
>read779_1
>read780_1
>read781_1
>read782_1
>read783_1
>read784_1
>read785_1
>read786_1
>read787_1
>read789_1
>read790_1
>read791_1
>read792_1
>read793_1
>read794_1
>read795_1
>read796_1
>read797_1
>read798_1
>read799_1
>read800_1
>read801_1
>read802_1
>read803_1
>read804_1
>read805_1
>read806_1
>read807_1
>read808_1
>read809_1
>read810_1
>read811_1
>read812_1
>read813_1
>read814_1
>read815_1
>read816_1
>read817_1
>read818_1
>read819_1
>read820_1
>read821_1
>read822_1
>read823_1
>read824_1
>read825_1
>read826_1
>read828_1
>read829_1
>read830_1
>read831_1
>read832_1
>read833_1
>read834_1
>read835_1
>read836_1
>read837_1
>read839_1
>read840_1
>read841_1
>read842_1
>read843_1
>read844_1
>read845_1
>read846_1
>read847_1
>read848_1
>read849_1
>read850_1
>read851_1
>read852_1
>read853_1
>read854_1
>read856_1
>read857_1
>read858_1
>read859_1
>read860_1
>read861_1
>read862_1
>read863_1
>read864_1
>read865_1
>read866_1
>read867_1
>read868_1
>read869_1
>read870_1
>read871_1
>read872_1
>read873_1
>read874_1
>read875_1
>read876_1
>read877_1
>read878_1
>read879_1
>read880_1
>read881_1
>read882_1
>read883_1
>read884_1
>read885_1
>read886_1
>read887_1
>read888_1
>read889_1
>read890_1
>read891_1
>read892_1
>read893_1
>read894_1
>read895_1
>read896_1
>read897_1
>read898_1
>read899_1
>read900_1
>read901_1
>read902_1
>read903_1
>read904_1
>read905_1
>read906_1
>read907_1
>read908_1
>read909_1
>read910_1
>read911_1
>read912_1
>read913_1
>read914_1
>read915_1
>read916_1
>read917_1
>read918_1
>read919_1
>read920_1
>read921_1
>read922_1
>read923_1
>read924_1
>read925_1
>read926_1
>read927_1
>read928_1
>read929_1
>read930_1
>read931_1
>read932_1
>read934_1
>read935_1
>read936_1
>read938_1
>read939_1
>read940_1
>read941_1
>read942_1
>read943_1
>read944_1
>read945_1
>read946_1
>read947_1
>read948_1
>read949_1
>read950_1
>read951_1
>read953_1
>read954_1
>read955_1
>read956_1
>read957_1
>read958_1
>read959_1
>read960_1
>read961_1
>read962_1
>read963_1
>read964_1
>read965_1
>read966_1
>read967_1
>read968_1
>read969_1
>read971_1
>read972_1
>read973_1
>read974_1
>read975_1
>read976_1
>read977_1
>read978_1
>read979_1
>read981_1
>read982_1
>read983_1
>read984_1
>read985_1
>read986_1
>read987_1
>read988_1
>read989_1
>read990_1
>read991_1
>read992_1
>read993_1
>read994_1
>read995_1
>read996_1
>read997_1
>read998_1
>read999_1
>read1000_1
>read1001_1
>read1002_1
>read1003_1
>read1004_1
>read1005_1
>read1006_1
>read1007_1
>read1008_1
>read1009_1
>read1010_1
>read1011_1
>read1012_1
>read1013_1
>read1014_1
>read1015_1
>read1016_1
>read1017_1
>read1018_1
>read1019_1
>read1020_1
>read1021_1
>read1022_1
>read1023_1
>read1024_1
>read1025_1
>read1026_1
>read1027_1
>read1028_1
>read1029_1
>read1030_1
>read1031_1
>read1032_1
>read1033_1
>read1034_1
>read1035_1
>read1036_1
>read1037_1
>read1038_1
>read1039_1
>read1040_1
>read1041_1
>read1042_1
>read1043_1
>read1044_1
>read1045_1
>read1046_1
>read1047_1
>read1048_1
>read1049_1
>read1050_1
>read1051_1
>read1052_1
>read1053_1
>read1054_1
>read1055_1
>read1056_1
>read1057_1
>read1058_1
>read1059_1
>read1060_1
>read1061_1
>read1062_1
>read1063_1
>read1064_1
>read1065_1
>read1066_1
>read1068_1
>read1069_1
>read1070_1
>read1071_1
>read1072_1
>read1073_1
>read1074_1
>read1075_1
>read1076_1
>read1077_1
>read1078_1
>read1079_1
>read1080_1
>read1081_1
>read1082_1
>read1083_1
>read1084_1
>read1085_1
>read1086_1
>read1087_1
>read1088_1
>read1089_1
>read1090_1
>read1091_1
>read1092_1
>read1093_1
>read1094_1
>read1096_1
>read1097_1
>read1098_1
>read1099_1
>read1100_1
>read1101_1
>read1102_1
>read1103_1
>read1104_1
>read1105_1
>read1106_1
>read1107_1
>read1109_1
>read1110_1
>read1111_1
>read1112_1
>read1113_1
>read1114_1
>read1115_1
>read1116_1
>read1117_1
>read1118_1
>read1119_1
>read1121_1
>read1122_1
>read1123_1
>read1124_1
>read1125_1
>read1126_1
>read1127_1
>read1128_1
>read1129_1
>read1130_1
>read1131_1
>read1132_1
>read1133_1
>read1134_1
>read1135_1
>read1136_1
>read1137_1
>read1138_1
>read1139_1
>read1140_1
>read1141_1
>read1142_1
>read1143_1
>read1144_1
>read1145_1
>read1146_1
>read1147_1
>read1148_1
>read1149_1
>read1150_1
>read1151_1
>read1153_1
>read1154_1
>read1155_1
>read1156_1
>read1157_1
>read1158_1
>read1159_1
>read1160_1
>read1161_1
>read1162_1
>read1163_1
>read1164_1
>read1165_1
>read1166_1
>read1167_1
>read1168_1
>read1169_1
>read1170_1
>read1171_1
>read1172_1
>read1173_1
>read1174_1
>read1175_1
>read1176_1
>read1177_1
>read1178_1
>read1179_1
>read1180_1
>read1181_1
>read1182_1
>read1183_1
>read1184_1
>read1185_1
>read1186_1
>read1187_1
>read1188_1
>read1189_1
>read1190_1
>read1191_1
>read1192_1
>read1193_1
>read1194_1
>read1195_1
>read1196_1
>read1197_1
>read1198_1
>read1199_1
>read1200_1
>read1201_1
>read1202_1
>read1204_1
>read1205_1
>read1207_1
>read1208_1
>read1209_1
>read1210_1
>read1211_1
>read1212_1
>read1213_1
>read1214_1
>read1215_1
>read1216_1
>read1217_1
>read1218_1
>read1219_1
>read1220_1
>read1221_1
>read1222_1
>read1223_1
>read1224_1
>read1225_1
>read1227_1
>read1228_1
>read1229_1
>read1230_1
>read1231_1
>read1233_1
>read1234_1
>read1235_1
>read1236_1
>read1237_1
>read1238_1
>read1240_1
>read1241_1
>read1242_1
>read1243_1
>read1244_1
>read1245_1
>read1246_1
>read1247_1
>read1248_1
>read1249_1
>read1250_1
>read1251_1
>read1252_1
>read1253_1
>read1254_1
>read1255_1
>read1256_1
>read1257_1
>read1258_1
>read1259_1
>read1261_1
>read1263_1
>read1264_1
>read1265_1
>read1266_1
>read1267_1
>read1268_1
>read1269_1
>read1270_1
>read1271_1
>read1272_1
>read1273_1
>read1274_1
>read1275_1
>read1276_1
>read1277_1
>read1278_1
>read1279_1
>read1280_1
>read1281_1
>read1282_1
>read1283_1
>read1284_1
>read1285_1
>read1286_1
>read1287_1
>read1288_1
>read1289_1
>read1290_1
>read1291_1
>read1292_1
>read1293_1
>read1294_1
>read1295_1
>read1297_1
>read1299_1
>read1300_1
>read1301_1
>read1302_1
>read1303_1
>read1304_1
>read1305_1
>read1306_1
>read1307_1
>read1308_1
>read1309_1
>read1310_1
>read1311_1
>read1312_1
>read1313_1
>read1314_1
>read1315_1
>read1316_1
>read1317_1
>read1318_1
>read1319_1
>read1320_1
>read1321_1
>read1322_1
>read1323_1
>read1324_1
>read1325_1
>read1326_1
>read1327_1
>read1328_1
>read1329_1
>read1330_1
>read1331_1
>read1332_1
>read1333_1
>read1334_1
>read1335_1
>read1336_1
>read1337_1
>read1338_1
>read1339_1
>read1340_1
>read1341_1
>read1342_1
>read1343_1
>read1345_1
>read1346_1
>read1347_1
>read1348_1
>read1349_1
>read1350_1
>read1351_1
>read1352_1
>read1353_1
>read1354_1
>read1355_1
>read1356_1
>read1357_1
>read1358_1
>read1359_1
>read1360_1
>read1361_1
>read1362_1
>read1363_1
>read1364_1
>read1365_1
>read1366_1
>read1367_1
>read1368_1
>read1369_1
>read1370_1
>read1371_1
>read1372_1
>read1373_1
>read1374_1
>read1375_1
>read1376_1
>read1377_1
>read1378_1
>read1379_1
>read1380_1
>read1381_1
>read1382_1
>read1383_1
>read1384_1
>read1385_1
>read1386_1
>read1387_1
>read1388_1
>read1389_1
>read1390_1
>read1391_1
>read1392_1
>read1393_1
>read1394_1
>read1395_1
>read1397_1
>read1398_1
>read1400_1
>read1401_1
>read1402_1
>read1403_1
>read1404_1
>read1405_1
>read1406_1
>read1407_1
>read1408_1
>read1409_1
>read1410_1
>read1412_1
>read1413_1
>read1415_1
>read1416_1
>read1417_1
>read1418_1
>read1419_1
>read1420_1
>read1421_1
>read1422_1
>read1423_1
>read1424_1
>read1426_1
>read1427_1
>read1429_1
>read1430_1
>read1431_1
>read1432_1
>read1433_1
>read1434_1
>read1436_1
>read1438_1
>read1439_1
>read1440_1
>read1441_1
>read1442_1
>read1443_1
>read1444_1
>read1445_1
>read1446_1
>read1447_1
>read1448_1
>read1449_1
>read1450_1
>read1451_1
>read1452_1
>read1454_1
>read1455_1
>read1456_1
>read1457_1
>read1458_1
>read1459_1
>read1460_1
>read1461_1
>read1462_1
>read1463_1
>read1464_1
>read1465_1
>read1466_1
>read1467_1
>read1468_1
>read1469_1
>read1470_1
>read1471_1
>read1472_1
>read1473_1
>read1474_1
>read1475_1
>read1476_1
>read1477_1
>read1478_1
>read1479_1
>read1480_1
>read1481_1
>read1482_1
>read1483_1
>read1484_1
>read1485_1
>read1487_1
>read1489_1
>read1490_1
>read1491_1
>read1492_1
>read1493_1
>read1494_1
>read1495_1
>read1496_1
>read1497_1
>read1498_1
>read1499_1
>read1500_1
>read1501_1
>read1502_1
>read1503_1
>read1504_1
>read1505_1
>read1506_1
>read1507_1
>read1508_1
>read1509_1
>read1510_1
>read1511_1
>read1513_1
>read1514_1
>read1515_1
>read1516_1
>read1517_1
>read1518_1
>read1519_1
>read1520_1
>read1521_1
>read1523_1
>read1524_1
>read1525_1
>read1526_1
>read1527_1
>read1528_1
>read1529_1
>read1530_1
>read1531_1
>read1532_1
>read1533_1
>read1534_1
>read1535_1
>read1537_1
>read1538_1
>read1539_1
>read1540_1
>read1541_1
>read1542_1
>read1543_1
>read1544_1
>read1545_1
>read1546_1
>read1547_1
>read1548_1
>read1549_1
>read1550_1
>read1551_1
>read1552_1
>read1553_1
>read1554_1
>read1555_1
>read1556_1
>read1557_1
>read1558_1
>read1559_1
>read1560_1
>read1561_1
>read1562_1
>read1563_1
>read1564_1
>read1565_1
>read1566_1
>read1567_1
>read1568_1
>read1569_1
>read1570_1
>read1571_1
>read1572_1
>read1573_1
>read1574_1
>read1575_1
>read1576_1
>read1577_1
>read1579_1
>read1580_1
>read1581_1
>read1582_1
>read1583_1
>read1584_1
>read1585_1
>read1586_1
>read1587_1
>read1588_1
>read1589_1
>read1590_1
>read1591_1
>read1592_1
>read1593_1
>read1594_1
>read1595_1
>read1597_1
>read1598_1
>read1599_1
>read1600_1
>read1601_1
>read1602_1
>read1603_1
>read1604_1
>read1605_1
>read1606_1
>read1607_1
>read1608_1
>read1609_1
>read1610_1
>read1611_1
>read1612_1
>read1613_1
>read1614_1
>read1615_1
>read1616_1
>read1617_1
>read1618_1
>read1619_1
>read1620_1
>read1621_1
>read1622_1
>read1623_1
>read1625_1
>read1626_1
>read1627_1
>read1628_1
>read1629_1
>read1630_1
>read1631_1
>read1632_1
>read1633_1
>read1634_1
>read1635_1
>read1636_1
>read1637_1
>read1638_1
>read1639_1
>read1640_1
>read1641_1
>read1642_1
>read1643_1
>read1644_1
>read1645_1
>read1646_1
>read1647_1
>read1648_1
>read1649_1
>read1651_1
>read1652_1
>read1653_1
>read1655_1
>read1656_1
>read1657_1
>read1658_1
>read1659_1
>read1660_1
>read1661_1
>read1662_1
>read1663_1
>read1664_1
>read1665_1
>read1666_1
>read1667_1
>read1668_1
>read1669_1
>read1670_1
>read1671_1
>read1672_1
>read1674_1
>read1676_1
>read1677_1
>read1678_1
>read1679_1
>read1680_1
>read1681_1
>read1682_1
>read1683_1
>read1684_1
>read1685_1
>read1686_1
>read1687_1
>read1688_1
>read1689_1
>read1690_1
>read1691_1
>read1692_1
>read1693_1
>read1694_1
>read1695_1
>read1696_1
>read1698_1
>read1699_1
>read1700_1
>read1701_1
>read1702_1
>read1703_1
>read1704_1
>read1705_1
>read1706_1
>read1707_1
>read1708_1
>read1709_1
>read1710_1
>read1711_1
>read1712_1
>read1713_1
>read1714_1
>read1716_1
>read1717_1
>read1718_1
>read1719_1
>read1720_1
>read1721_1
>read1722_1
>read1723_1
>read1724_1
>read1725_1
>read1726_1
>read1727_1
>read1728_1
>read1729_1
>read1730_1
>read1731_1
>read1732_1
>read1733_1
>read1734_1
>read1735_1
>read1736_1
>read1737_1
>read1738_1
>read1739_1
>read1740_1
>read1741_1
>read1742_1
>read1743_1
>read1744_1
>read1745_1
>read1746_1
>read1747_1
>read1748_1
>read1749_1
>read1750_1
>read1751_1
>read1752_1
>read1753_1
>read1754_1
>read1755_1
>read1756_1
>read1758_1
>read1759_1
>read1760_1
>read1761_1
>read1762_1
>read1763_1
>read1764_1
>read1765_1
>read1766_1
>read1767_1
>read1768_1
>read1769_1
>read1770_1
>read1771_1
>read1772_1
>read1773_1
>read1774_1
>read1776_1
>read1777_1
>read1778_1
>read1779_1
>read1780_1
>read1781_1
>read1782_1
>read1783_1
>read1784_1
>read1785_1
>read1786_1
>read1788_1
>read1789_1
>read1790_1
>read1791_1
>read1792_1
>read1793_1
>read1794_1
>read1795_1
>read1796_1
>read1797_1
>read1799_1
>read1800_1
>read1801_1
>read1802_1
>read1803_1
>read1804_1
>read1805_1
>read1807_1
>read1808_1
>read1809_1
>read1810_1
>read1811_1
>read1812_1
>read1813_1
>read1814_1
>read1815_1
>read1816_1
>read1817_1
>read1818_1
>read1819_1
>read1820_1
>read1821_1
>read1822_1
>read1823_1
>read1824_1
>read1825_1
>read1826_1
>read1827_1
>read1828_1
>read1829_1
>read1830_1
>read1831_1
>read1832_1
>read1834_1
>read1836_1
>read1837_1
>read1838_1
>read1839_1
>read1840_1
>read1841_1
>read1842_1
>read1843_1
>read1844_1
>read1845_1
>read1846_1
>read1847_1
>read1848_1
>read1849_1
>read1850_1
>read1852_1
>read1853_1
>read1854_1
>read1855_1
>read1856_1
>read1857_1
>read1858_1
>read1859_1
>read1860_1
>read1861_1
>read1862_1
>read1863_1
>read1864_1
>read1865_1
>read1866_1
>read1867_1
>read1868_1
>read1869_1
>read1870_1
>read1871_1
>read1872_1
>read1873_1
>read1874_1
>read1876_1
>read1877_1
>read1878_1
>read1879_1
>read1880_1
>read1881_1
>read1882_1
>read1883_1
>read1884_1
>read1885_1
>read1886_1
>read1887_1
>read1888_1
>read1889_1
>read1890_1
>read1891_1
>read1892_1
>read1893_1
>read1894_1
>read1895_1
>read1896_1
>read1897_1
>read1899_1
>read1900_1
>read1901_1
>read1902_1
>read1903_1
>read1904_1
>read1905_1
>read1906_1
>read1907_1
>read1908_1
>read1909_1
>read1910_1
>read1911_1
>read1912_1
>read1913_1
>read1914_1
>read1915_1
>read1917_1
>read1918_1
>read1919_1
>read1920_1
>read1921_1
>read1922_1
>read1923_1
>read1924_1
>read1925_1
>read1926_1
>read1927_1
>read1928_1
>read1929_1
>read1930_1
>read1931_1
>read1932_1
>read1934_1
>read1935_1
>read1936_1
>read1937_1
>read1938_1
>read1939_1
>read1940_1
>read1941_1
>read1942_1
>read1943_1
>read1944_1
>read1945_1
>read1946_1
>read1947_1
>read1948_1
>read1949_1
>read1950_1
>read1951_1
>read1952_1
>read1953_1
>read1954_1
>read1955_1
>read1956_1
>read1957_1
>read1958_1
>read1959_1
>read1960_1
>read1961_1
>read1962_1
>read1963_1
>read1964_1
>read1965_1
>read1966_1
>read1967_1
>read1968_1
>read1969_1
>read1970_1
>read1971_1
>read1972_1
>read1973_1
>read1974_1
>read1975_1
>read1976_1
>read1977_1
>read1978_1
>read1979_1
>read1980_1
>read1981_1
>read1982_1
>read1983_1
>read1984_1
>read1985_1
>read1986_1
>read1988_1
>read1989_1
>read1990_1
>read1991_1
>read1992_1
>read1993_1
>read1994_1
>read1995_1
>read1996_1
>read1997_1
>read1998_1
>read1999_1
